E......E.E..
======================================================================
ERROR: test_build_preserves_unverified_status_and_original_hash (test_manual_book.ManualBook)
----------------------------------------------------------------------
Traceback (most recent call last):
  File "/home/andy/mosaic-manual-1.4.0/tests/behaviour/test_manual_book.py", line 28, in test_build_preserves_unverified_status_and_original_hash
    result=book.compile_book(self.data)
  File "/home/andy/mosaic-manual-1.4.0/tools/manual_book.py", line 111, in compile_book
    authoring_identity=authoring_identity(ROOT),
  File "/home/andy/mosaic-manual-1.4.0/tests/behaviour/manual_authority.py", line 29, in authoring_identity
    if actual-paths:raise ValueError("Unlisted authoring: "+",".join(sorted(actual-paths)))
ValueError: Unlisted authoring: manual/features/scenes-reference-nested-scenes.yaml,manual/features/scenes-reference-option-scenes.yaml,manual/features/scenes-reference-polymeter-scenes.yaml,manual/features/scenes-reference-reason-swing-scenes.yaml,manual/features/scenes-reference-record-scenes.yaml

======================================================================
ERROR: test_pending_course_is_compiled_and_blocks_completeness (test_manual_book.ManualBook)
----------------------------------------------------------------------
Traceback (most recent call last):
  File "/home/andy/mosaic-manual-1.4.0/tests/behaviour/test_manual_book.py", line 43, in test_pending_course_is_compiled_and_blocks_completeness
    with patch.object(book,"apply_overlays",side_effect=lambda scenes,overlay:scenes):result=book.compile_book(data)
  File "/home/andy/mosaic-manual-1.4.0/tools/manual_book.py", line 111, in compile_book
    authoring_identity=authoring_identity(ROOT),
  File "/home/andy/mosaic-manual-1.4.0/tests/behaviour/manual_authority.py", line 29, in authoring_identity
    if actual-paths:raise ValueError("Unlisted authoring: "+",".join(sorted(actual-paths)))
ValueError: Unlisted authoring: manual/features/scenes-reference-nested-scenes.yaml,manual/features/scenes-reference-option-scenes.yaml,manual/features/scenes-reference-polymeter-scenes.yaml,manual/features/scenes-reference-reason-swing-scenes.yaml,manual/features/scenes-reference-record-scenes.yaml

======================================================================
ERROR: test_verified_course_includes_evidenced_steps_in_compiled_catalogue (test_manual_book.ManualBook)
----------------------------------------------------------------------
Traceback (most recent call last):
  File "/home/andy/mosaic-manual-1.4.0/tests/behaviour/test_manual_book.py", line 81, in test_verified_course_includes_evidenced_steps_in_compiled_catalogue
    result=book.compile_book(data)
  File "/home/andy/mosaic-manual-1.4.0/tools/manual_book.py", line 111, in compile_book
    authoring_identity=authoring_identity(ROOT),
  File "/home/andy/mosaic-manual-1.4.0/tests/behaviour/manual_authority.py", line 29, in authoring_identity
    if actual-paths:raise ValueError("Unlisted authoring: "+",".join(sorted(actual-paths)))
ValueError: Unlisted authoring: manual/features/scenes-reference-nested-scenes.yaml,manual/features/scenes-reference-option-scenes.yaml,manual/features/scenes-reference-polymeter-scenes.yaml,manual/features/scenes-reference-reason-swing-scenes.yaml,manual/features/scenes-reference-record-scenes.yaml

----------------------------------------------------------------------
Ran 12 tests in 24.966s

FAILED (errors=3)
